// Jest Snapshot v1, https://goo.gl/fbAQLP

exports[`for CharacterList should render properly 1`] = `undefined`;
