// Jest Snapshot v1, https://goo.gl/fbAQLP

exports[`<SearchBar /> should render properly 1`] = `ShallowWrapper {}`;
